[03:10:40] [ServerMain/INFO]: Environment: authHost='https://authserver.mojang.com', accountsHost='https://api.mojang.com', sessionHost='https://sessionserver.mojang.com', servicesHost='https://api.minecraftservices.com', name='PROD'
[03:10:42] [ServerMain/INFO]: Loaded 7 recipes
[03:10:44] [Server thread/INFO]: Starting minecraft server version 1.19.4
[03:10:44] [Server thread/INFO]: Loading properties
[03:10:44] [Server thread/INFO]: This server is running Paper version git-Paper-550 (MC: 1.19.4) (Implementing API version 1.19.4-R0.1-SNAPSHOT) (Git: 483368e on ver/1.19.4)
[03:10:44] [Server thread/INFO]: Server Ping Player Sample Count: 12
[03:10:44] [Server thread/INFO]: Using 4 threads for Netty based IO
[03:10:44] [Server thread/INFO]: [ChunkTaskScheduler] Chunk system is using 4 I/O threads, 8 worker threads, and gen parallelism of 8 threads
[03:10:45] [Server thread/INFO]: Default game type: SURVIVAL
[03:10:45] [Server thread/INFO]: Generating keypair
[03:10:45] [Server thread/INFO]: Starting Minecraft server on *:25565
[03:10:45] [Server thread/INFO]: Using default channel type
[03:10:45] [Server thread/INFO]: Paper: Using Java compression from Velocity.
[03:10:45] [Server thread/INFO]: Paper: Using Java cipher from Velocity.
[03:10:46] [Server thread/INFO]: [WorldEdit] Loading server plugin WorldEdit v7.2.20+6667-f0f1e66
[03:10:47] [Server thread/INFO]: Got request to register class com.sk89q.worldedit.bukkit.BukkitServerInterface with WorldEdit [com.sk89q.worldedit.extension.platform.PlatformManager@614900d3]
[03:10:47] [Server thread/INFO]: Server permissions file permissions.yml is empty, ignoring it
[03:10:47] [Server thread/INFO]: [WorldEdit] Enabling WorldEdit v7.2.20+6667-f0f1e66
[03:10:47] [Server thread/INFO]: Registering commands with com.sk89q.worldedit.bukkit.BukkitServerInterface
[03:10:47] [Server thread/INFO]: WEPIF: Using the Bukkit Permissions API.
[03:10:47] [Server thread/INFO]: Using com.sk89q.worldedit.bukkit.adapter.impl.v1_19_R3.PaperweightAdapter as the Bukkit adapter
[03:10:49] [Server thread/WARN]: **** SERVER IS RUNNING IN OFFLINE/INSECURE MODE!
[03:10:49] [Server thread/WARN]: The server will make no attempt to authenticate usernames. Beware.
[03:10:49] [Server thread/WARN]: While this makes the game possible to play without internet access, it also opens up the ability for hackers to connect with any username they choose.
[03:10:49] [Server thread/WARN]: To change this, set "online-mode" to "true" in the server.properties file.
[03:10:49] [Server thread/INFO]: Preparing level "N7Jumps"
[03:10:50] [Server thread/INFO]: Preparing start region for dimension minecraft:overworld
[03:10:52] [Server thread/INFO]: Time elapsed: 1799 ms
[03:10:52] [Server thread/INFO]: Preparing start region for dimension minecraft:the_nether
[03:10:52] [Server thread/INFO]: Time elapsed: 39 ms
[03:10:52] [Server thread/INFO]: Preparing start region for dimension minecraft:the_end
[03:10:52] [Server thread/INFO]: Time elapsed: 20 ms
[03:10:52] [Server thread/INFO]: Running delayed init tasks
[03:10:52] [Server thread/INFO]: Done (8.684s)! For help, type "help"
[03:10:52] [Server thread/INFO]: Timings Reset
[03:11:27] [User Authenticator #0/INFO]: UUID of player Kaldah_The_One is 258e145e-5a3f-30d2-b5b3-f9cfd275a7c7
[03:11:27] [Server thread/INFO]: Kaldah_The_One joined the game
[03:11:27] [Server thread/INFO]: Kaldah_The_One[<ip address withheld>] logged in with entity id 12 at ([N7Jumps]8.19373295706329, -52.34417012847067, 13.084284440513187)
[03:11:44] [Server thread/INFO]: Kaldah_The_One lost connection: Disconnected
[03:11:44] [Server thread/INFO]: Kaldah_The_One left the game
[03:11:49] [Server thread/INFO]: Stopping server
[03:11:49] [Server thread/INFO]: [WorldEdit] Disabling WorldEdit v7.2.20+6667-f0f1e66
[03:11:49] [Server thread/INFO]: Unregistering com.sk89q.worldedit.bukkit.BukkitServerInterface from WorldEdit
[03:11:49] [Server thread/INFO]: Saving players
[03:11:49] [Server thread/INFO]: Saving worlds
[03:11:49] [Server thread/INFO]: Saving chunks for level 'ServerLevel[N7Jumps]'/minecraft:overworld
[03:11:49] [Server thread/INFO]: [ChunkHolderManager] Waiting 60s for chunk system to halt for world 'N7Jumps'
[03:11:49] [Server thread/INFO]: [ChunkHolderManager] Halted chunk system for world 'N7Jumps'
[03:11:49] [Server thread/INFO]: [ChunkHolderManager] Saving all chunkholders for world 'N7Jumps'
[03:11:49] [Server thread/INFO]: [ChunkHolderManager] Saved 529 block chunks, 529 entity chunks, 0 poi chunks in world 'N7Jumps' in 0,65s
[03:11:50] [Server thread/INFO]: ThreadedAnvilChunkStorage (N7Jumps): All chunks are saved
[03:11:50] [Server thread/INFO]: Saving chunks for level 'ServerLevel[N7Jumps_nether]'/minecraft:the_nether
[03:11:50] [Server thread/INFO]: [ChunkHolderManager] Waiting 60s for chunk system to halt for world 'N7Jumps_nether'
[03:11:50] [Server thread/INFO]: [ChunkHolderManager] Halted chunk system for world 'N7Jumps_nether'
[03:11:50] [Server thread/INFO]: [ChunkHolderManager] Saving all chunkholders for world 'N7Jumps_nether'
[03:11:50] [Server thread/INFO]: [ChunkHolderManager] Saved 529 block chunks, 529 entity chunks, 0 poi chunks in world 'N7Jumps_nether' in 0,42s
[03:11:50] [Server thread/INFO]: ThreadedAnvilChunkStorage (DIM-1): All chunks are saved
[03:11:50] [Server thread/INFO]: Saving chunks for level 'ServerLevel[N7Jumps_the_end]'/minecraft:the_end
[03:11:50] [Server thread/INFO]: [ChunkHolderManager] Waiting 60s for chunk system to halt for world 'N7Jumps_the_end'
[03:11:50] [Server thread/INFO]: [ChunkHolderManager] Halted chunk system for world 'N7Jumps_the_end'
[03:11:50] [Server thread/INFO]: [ChunkHolderManager] Saving all chunkholders for world 'N7Jumps_the_end'
[03:11:50] [Server thread/INFO]: [ChunkHolderManager] Saved 529 block chunks, 529 entity chunks, 0 poi chunks in world 'N7Jumps_the_end' in 0,10s
[03:11:50] [Server thread/INFO]: ThreadedAnvilChunkStorage (DIM1): All chunks are saved
[03:11:50] [Server thread/INFO]: ThreadedAnvilChunkStorage: All dimensions are saved
[03:11:50] [Server thread/INFO]: Saving usercache.json
[03:11:50] [Server thread/INFO]: Flushing Chunk IO
[03:11:50] [Server thread/INFO]: Closing Thread Pool
[03:11:50] [Server thread/INFO]: Closing Server
