[01:22:54] [ServerMain/INFO]: Environment: authHost='https://authserver.mojang.com', accountsHost='https://api.mojang.com', sessionHost='https://sessionserver.mojang.com', servicesHost='https://api.minecraftservices.com', name='PROD'
[01:22:55] [ServerMain/INFO]: Loaded 7 recipes
[01:22:57] [Server thread/INFO]: Starting minecraft server version 1.19.4
[01:22:57] [Server thread/INFO]: Loading properties
[01:22:57] [Server thread/INFO]: This server is running Paper version git-Paper-550 (MC: 1.19.4) (Implementing API version 1.19.4-R0.1-SNAPSHOT) (Git: 483368e on ver/1.19.4)
[01:22:57] [Server thread/INFO]: Using 4 threads for Netty based IO
[01:22:57] [Server thread/INFO]: Server Ping Player Sample Count: 12
[01:22:57] [Server thread/WARN]: [!] The timings profiler has been enabled but has been scheduled for removal from Paper in the future.
    We recommend installing the spark profiler as a replacement: https://spark.lucko.me/
    For more information please visit: https://github.com/PaperMC/Paper/issues/8948
[01:22:57] [Server thread/INFO]: [ChunkTaskScheduler] Chunk system is using 1 I/O threads, 4 worker threads, and gen parallelism of 4 threads
[01:22:57] [Server thread/INFO]: Default game type: SURVIVAL
[01:22:57] [Server thread/INFO]: Generating keypair
[01:22:57] [Server thread/INFO]: Starting Minecraft server on *:25565
[01:22:58] [Server thread/INFO]: Using default channel type
[01:22:58] [Server thread/INFO]: Paper: Using Java compression from Velocity.
[01:22:58] [Server thread/INFO]: Paper: Using Java cipher from Velocity.
[01:22:58] [Server thread/INFO]: Server permissions file permissions.yml is empty, ignoring it
[01:22:58] [Server thread/WARN]: **** SERVER IS RUNNING IN OFFLINE/INSECURE MODE!
[01:22:58] [Server thread/WARN]: The server will make no attempt to authenticate usernames. Beware.
[01:22:58] [Server thread/WARN]: While this makes the game possible to play without internet access, it also opens up the ability for hackers to connect with any username they choose.
[01:22:58] [Server thread/WARN]: To change this, set "online-mode" to "true" in the server.properties file.
[01:22:58] [Server thread/INFO]: Preparing level "world"
[01:22:58] [Server thread/INFO]: Preparing start region for dimension minecraft:overworld
[01:22:59] [Server thread/INFO]: Time elapsed: 315 ms
[01:22:59] [Server thread/INFO]: Preparing start region for dimension minecraft:the_nether
[01:22:59] [Server thread/INFO]: Time elapsed: 30 ms
[01:22:59] [Server thread/INFO]: Preparing start region for dimension minecraft:the_end
[01:22:59] [Server thread/INFO]: Time elapsed: 22 ms
[01:22:59] [Server thread/INFO]: Running delayed init tasks
[01:22:59] [Server thread/INFO]: Done (2.233s)! For help, type "help"
[01:22:59] [Server thread/INFO]: Timings Reset
[01:58:00] [User Authenticator #0/INFO]: UUID of player N7ParkourBot is bd9c2135-a8b0-3488-b3a6-c4ebd181ddc2
[01:58:01] [Server thread/INFO]: N7ParkourBot joined the game
[01:58:01] [Server thread/INFO]: N7ParkourBot[/[0:0:0:0:0:0:0:1]:62208] logged in with entity id 96 at ([world]-153.5, 63.0, -133.5)
[02:02:38] [Server thread/INFO]: N7ParkourBot lost connection: Disconnected
[02:02:38] [Server thread/INFO]: N7ParkourBot left the game
[02:03:08] [User Authenticator #1/INFO]: UUID of player N7ParkourBot is bd9c2135-a8b0-3488-b3a6-c4ebd181ddc2
[02:03:08] [Server thread/INFO]: N7ParkourBot joined the game
[02:03:08] [Server thread/INFO]: N7ParkourBot[/[0:0:0:0:0:0:0:1]:62940] logged in with entity id 138 at ([world]-153.5, 63.0, -133.5)
[02:06:07] [Server thread/INFO]: Stopping server
[02:06:07] [Server thread/INFO]: Saving players
[02:06:07] [Server thread/INFO]: N7ParkourBot lost connection: Server closed
[02:06:07] [Server thread/INFO]: N7ParkourBot left the game
[02:06:07] [Server thread/INFO]: Saving worlds
[02:06:07] [Server thread/INFO]: Saving chunks for level 'ServerLevel[world]'/minecraft:overworld
[02:06:07] [Server thread/INFO]: [ChunkHolderManager] Waiting 60s for chunk system to halt for world 'world'
[02:06:07] [Server thread/INFO]: [ChunkHolderManager] Halted chunk system for world 'world'
[02:06:07] [Server thread/INFO]: [ChunkHolderManager] Saving all chunkholders for world 'world'
[02:06:07] [Server thread/INFO]: [ChunkHolderManager] Saved 42 block chunks, 35 entity chunks, 0 poi chunks in world 'world' in 0,14s
[02:06:07] [Server thread/INFO]: ThreadedAnvilChunkStorage (world): All chunks are saved
[02:06:07] [Server thread/INFO]: Saving chunks for level 'ServerLevel[world_nether]'/minecraft:the_nether
[02:06:07] [Server thread/INFO]: [ChunkHolderManager] Waiting 60s for chunk system to halt for world 'world_nether'
[02:06:07] [Server thread/INFO]: [ChunkHolderManager] Halted chunk system for world 'world_nether'
[02:06:07] [Server thread/INFO]: [ChunkHolderManager] Saving all chunkholders for world 'world_nether'
[02:06:07] [Server thread/INFO]: [ChunkHolderManager] Saved 0 block chunks, 21 entity chunks, 0 poi chunks in world 'world_nether' in 0,01s
[02:06:07] [Server thread/INFO]: ThreadedAnvilChunkStorage (DIM-1): All chunks are saved
[02:06:07] [Server thread/INFO]: Saving chunks for level 'ServerLevel[world_the_end]'/minecraft:the_end
[02:06:07] [Server thread/INFO]: [ChunkHolderManager] Waiting 60s for chunk system to halt for world 'world_the_end'
[02:06:07] [Server thread/INFO]: [ChunkHolderManager] Halted chunk system for world 'world_the_end'
[02:06:07] [Server thread/INFO]: [ChunkHolderManager] Saving all chunkholders for world 'world_the_end'
[02:06:07] [Server thread/INFO]: [ChunkHolderManager] Saved 10 block chunks, 10 entity chunks, 0 poi chunks in world 'world_the_end' in 0,01s
[02:06:07] [Server thread/INFO]: ThreadedAnvilChunkStorage (DIM1): All chunks are saved
[02:06:07] [Server thread/INFO]: ThreadedAnvilChunkStorage: All dimensions are saved
[02:06:07] [Server thread/INFO]: Flushing Chunk IO
[02:06:07] [Server thread/INFO]: Closing Thread Pool
[02:06:07] [Server thread/INFO]: Closing Server
